<?xml version="1.0" encoding="ISO-8859-1" ?>
<link_info>
   <banner>MSP430 Linker PC v21.6.0.LTS</banner>
   <copyright>Copyright (c) 2003-2018 Texas Instruments Incorporated</copyright>
   <link_time>0x62d05bb4</link_time>
   <link_errors>0x0</link_errors>
   <output_file>Soil_Sensors_1.out</output_file>
   <entry_point>
      <name>_c_int00_noargs_mpu</name>
      <address>0x95d0</address>
   </entry_point>
   <input_file_list>
      <input_file id="fl-2">
         <path>.\</path>
         <kind>object</kind>
         <file>co2.obj</file>
         <name>co2.obj</name>
      </input_file>
      <input_file id="fl-3">
         <path>.\</path>
         <kind>object</kind>
         <file>i2c.obj</file>
         <name>i2c.obj</name>
      </input_file>
      <input_file id="fl-4">
         <path>.\</path>
         <kind>object</kind>
         <file>main.obj</file>
         <name>main.obj</name>
      </input_file>
      <input_file id="fl-5">
         <path>.\</path>
         <kind>object</kind>
         <file>pressure.obj</file>
         <name>pressure.obj</name>
      </input_file>
      <input_file id="fl-6">
         <path>.\</path>
         <kind>object</kind>
         <file>seesaw.obj</file>
         <name>seesaw.obj</name>
      </input_file>
      <input_file id="fl-7">
         <path>.\</path>
         <kind>object</kind>
         <file>spi.obj</file>
         <name>spi.obj</name>
      </input_file>
      <input_file id="fl-8">
         <path>.\</path>
         <kind>object</kind>
         <file>timer.obj</file>
         <name>timer.obj</name>
      </input_file>
      <input_file id="fl-9">
         <path>.\</path>
         <kind>object</kind>
         <file>wireless.obj</file>
         <name>wireless.obj</name>
      </input_file>
      <input_file id="fl-f">
         <kind>object</kind>
         <file>&lt;internal&gt;</file>
         <name>&lt;internal&gt;</name>
      </input_file>
      <input_file id="fl-2a">
         <path>C:\ti\ccs1120\ccs\tools\compiler\ti-cgt-msp430_21.6.0.LTS\lib\</path>
         <kind>archive</kind>
         <file>rts430x_lc_sd_eabi.lib</file>
         <name>copy_decompress_lzss.c.obj</name>
      </input_file>
      <input_file id="fl-2b">
         <path>C:\ti\ccs1120\ccs\tools\compiler\ti-cgt-msp430_21.6.0.LTS\lib\</path>
         <kind>archive</kind>
         <file>rts430x_lc_sd_eabi.lib</file>
         <name>copy_decompress_none.c.obj</name>
      </input_file>
      <input_file id="fl-2c">
         <path>C:\ti\ccs1120\ccs\tools\compiler\ti-cgt-msp430_21.6.0.LTS\lib\</path>
         <kind>archive</kind>
         <file>rts430x_lc_sd_eabi.lib</file>
         <name>int22.asm.obj</name>
      </input_file>
      <input_file id="fl-2d">
         <path>C:\ti\ccs1120\ccs\tools\compiler\ti-cgt-msp430_21.6.0.LTS\lib\</path>
         <kind>archive</kind>
         <file>rts430x_lc_sd_eabi.lib</file>
         <name>isr_trap.asm.obj</name>
      </input_file>
      <input_file id="fl-2e">
         <path>C:\ti\ccs1120\ccs\tools\compiler\ti-cgt-msp430_21.6.0.LTS\lib\</path>
         <kind>archive</kind>
         <file>rts430x_lc_sd_eabi.lib</file>
         <name>int23.asm.obj</name>
      </input_file>
      <input_file id="fl-2f">
         <path>C:\ti\ccs1120\ccs\tools\compiler\ti-cgt-msp430_21.6.0.LTS\lib\</path>
         <kind>archive</kind>
         <file>rts430x_lc_sd_eabi.lib</file>
         <name>int24.asm.obj</name>
      </input_file>
      <input_file id="fl-30">
         <path>C:\ti\ccs1120\ccs\tools\compiler\ti-cgt-msp430_21.6.0.LTS\lib\</path>
         <kind>archive</kind>
         <file>rts430x_lc_sd_eabi.lib</file>
         <name>int25.asm.obj</name>
      </input_file>
      <input_file id="fl-31">
         <path>C:\ti\ccs1120\ccs\tools\compiler\ti-cgt-msp430_21.6.0.LTS\lib\</path>
         <kind>archive</kind>
         <file>rts430x_lc_sd_eabi.lib</file>
         <name>int26.asm.obj</name>
      </input_file>
      <input_file id="fl-32">
         <path>C:\ti\ccs1120\ccs\tools\compiler\ti-cgt-msp430_21.6.0.LTS\lib\</path>
         <kind>archive</kind>
         <file>rts430x_lc_sd_eabi.lib</file>
         <name>int27.asm.obj</name>
      </input_file>
      <input_file id="fl-33">
         <path>C:\ti\ccs1120\ccs\tools\compiler\ti-cgt-msp430_21.6.0.LTS\lib\</path>
         <kind>archive</kind>
         <file>rts430x_lc_sd_eabi.lib</file>
         <name>int28.asm.obj</name>
      </input_file>
      <input_file id="fl-34">
         <path>C:\ti\ccs1120\ccs\tools\compiler\ti-cgt-msp430_21.6.0.LTS\lib\</path>
         <kind>archive</kind>
         <file>rts430x_lc_sd_eabi.lib</file>
         <name>int29.asm.obj</name>
      </input_file>
      <input_file id="fl-35">
         <path>C:\ti\ccs1120\ccs\tools\compiler\ti-cgt-msp430_21.6.0.LTS\lib\</path>
         <kind>archive</kind>
         <file>rts430x_lc_sd_eabi.lib</file>
         <name>int30.asm.obj</name>
      </input_file>
      <input_file id="fl-36">
         <path>C:\ti\ccs1120\ccs\tools\compiler\ti-cgt-msp430_21.6.0.LTS\lib\</path>
         <kind>archive</kind>
         <file>rts430x_lc_sd_eabi.lib</file>
         <name>int32.asm.obj</name>
      </input_file>
      <input_file id="fl-37">
         <path>C:\ti\ccs1120\ccs\tools\compiler\ti-cgt-msp430_21.6.0.LTS\lib\</path>
         <kind>archive</kind>
         <file>rts430x_lc_sd_eabi.lib</file>
         <name>int34.asm.obj</name>
      </input_file>
      <input_file id="fl-38">
         <path>C:\ti\ccs1120\ccs\tools\compiler\ti-cgt-msp430_21.6.0.LTS\lib\</path>
         <kind>archive</kind>
         <file>rts430x_lc_sd_eabi.lib</file>
         <name>int36.asm.obj</name>
      </input_file>
      <input_file id="fl-39">
         <path>C:\ti\ccs1120\ccs\tools\compiler\ti-cgt-msp430_21.6.0.LTS\lib\</path>
         <kind>archive</kind>
         <file>rts430x_lc_sd_eabi.lib</file>
         <name>int37.asm.obj</name>
      </input_file>
      <input_file id="fl-3a">
         <path>C:\ti\ccs1120\ccs\tools\compiler\ti-cgt-msp430_21.6.0.LTS\lib\</path>
         <kind>archive</kind>
         <file>rts430x_lc_sd_eabi.lib</file>
         <name>int38.asm.obj</name>
      </input_file>
      <input_file id="fl-3b">
         <path>C:\ti\ccs1120\ccs\tools\compiler\ti-cgt-msp430_21.6.0.LTS\lib\</path>
         <kind>archive</kind>
         <file>rts430x_lc_sd_eabi.lib</file>
         <name>int39.asm.obj</name>
      </input_file>
      <input_file id="fl-3c">
         <path>C:\ti\ccs1120\ccs\tools\compiler\ti-cgt-msp430_21.6.0.LTS\lib\</path>
         <kind>archive</kind>
         <file>rts430x_lc_sd_eabi.lib</file>
         <name>int40.asm.obj</name>
      </input_file>
      <input_file id="fl-3d">
         <path>C:\ti\ccs1120\ccs\tools\compiler\ti-cgt-msp430_21.6.0.LTS\lib\</path>
         <kind>archive</kind>
         <file>rts430x_lc_sd_eabi.lib</file>
         <name>int44.asm.obj</name>
      </input_file>
      <input_file id="fl-3e">
         <path>C:\ti\ccs1120\ccs\tools\compiler\ti-cgt-msp430_21.6.0.LTS\lib\</path>
         <kind>archive</kind>
         <file>rts430x_lc_sd_eabi.lib</file>
         <name>int45.asm.obj</name>
      </input_file>
      <input_file id="fl-3f">
         <path>C:\ti\ccs1120\ccs\tools\compiler\ti-cgt-msp430_21.6.0.LTS\lib\</path>
         <kind>archive</kind>
         <file>rts430x_lc_sd_eabi.lib</file>
         <name>copy_zero_init.c.obj</name>
      </input_file>
      <input_file id="fl-40">
         <path>C:\ti\ccs1120\ccs\tools\compiler\ti-cgt-msp430_21.6.0.LTS\lib\</path>
         <kind>archive</kind>
         <file>rts430x_lc_sd_eabi.lib</file>
         <name>cpy_util.asm.obj</name>
      </input_file>
      <input_file id="fl-41">
         <path>C:\ti\ccs1120\ccs\tools\compiler\ti-cgt-msp430_21.6.0.LTS\lib\</path>
         <kind>archive</kind>
         <file>rts430x_lc_sd_eabi.lib</file>
         <name>mult16_f5hw.asm.obj</name>
      </input_file>
      <input_file id="fl-42">
         <path>C:\ti\ccs1120\ccs\tools\compiler\ti-cgt-msp430_21.6.0.LTS\lib\</path>
         <kind>archive</kind>
         <file>rts430x_lc_sd_eabi.lib</file>
         <name>mult32_f5hw.asm.obj</name>
      </input_file>
      <input_file id="fl-43">
         <path>C:\ti\ccs1120\ccs\tools\compiler\ti-cgt-msp430_21.6.0.LTS\lib\</path>
         <kind>archive</kind>
         <file>rts430x_lc_sd_eabi.lib</file>
         <name>mult64_f5hw.asm.obj</name>
      </input_file>
      <input_file id="fl-44">
         <path>C:\ti\ccs1120\ccs\tools\compiler\ti-cgt-msp430_21.6.0.LTS\lib\</path>
         <kind>archive</kind>
         <file>rts430x_lc_sd_eabi.lib</file>
         <name>mult1632_f5hw.asm.obj</name>
      </input_file>
      <input_file id="fl-45">
         <path>C:\ti\ccs1120\ccs\tools\compiler\ti-cgt-msp430_21.6.0.LTS\lib\</path>
         <kind>archive</kind>
         <file>rts430x_lc_sd_eabi.lib</file>
         <name>mult3264_f5hw.asm.obj</name>
      </input_file>
      <input_file id="fl-46">
         <path>C:\ti\ccs1120\ccs\tools\compiler\ti-cgt-msp430_21.6.0.LTS\lib\</path>
         <kind>archive</kind>
         <file>rts430x_lc_sd_eabi.lib</file>
         <name>boot.c.obj</name>
      </input_file>
      <input_file id="fl-47">
         <path>C:\ti\ccs1120\ccs\ccs_base\msp430\lib\FR2xx\</path>
         <kind>archive</kind>
         <file>FRWP_INIT_LIB_CCS_msp430_large_code_small_data.lib</file>
         <name>frwp_init.obj</name>
      </input_file>
      <input_file id="fl-48">
         <path>C:\ti\ccs1120\ccs\tools\compiler\ti-cgt-msp430_21.6.0.LTS\lib\</path>
         <kind>archive</kind>
         <file>rts430x_lc_sd_eabi.lib</file>
         <name>args_main.c.obj</name>
      </input_file>
      <input_file id="fl-49">
         <path>C:\ti\ccs1120\ccs\tools\compiler\ti-cgt-msp430_21.6.0.LTS\lib\</path>
         <kind>archive</kind>
         <file>rts430x_lc_sd_eabi.lib</file>
         <name>autoinit.c.obj</name>
      </input_file>
      <input_file id="fl-4a">
         <path>C:\ti\ccs1120\ccs\tools\compiler\ti-cgt-msp430_21.6.0.LTS\lib\</path>
         <kind>archive</kind>
         <file>rts430x_lc_sd_eabi.lib</file>
         <name>startup.c.obj</name>
      </input_file>
      <input_file id="fl-4b">
         <path>C:\ti\ccs1120\ccs\tools\compiler\ti-cgt-msp430_21.6.0.LTS\lib\</path>
         <kind>archive</kind>
         <file>rts430x_lc_sd_eabi.lib</file>
         <name>pre_init.c.obj</name>
      </input_file>
      <input_file id="fl-4c">
         <path>C:\ti\ccs1120\ccs\tools\compiler\ti-cgt-msp430_21.6.0.LTS\lib\</path>
         <kind>archive</kind>
         <file>rts430x_lc_sd_eabi.lib</file>
         <name>cpy_tbl.c.obj</name>
      </input_file>
      <input_file id="fl-4d">
         <path>C:\ti\ccs1120\ccs\tools\compiler\ti-cgt-msp430_21.6.0.LTS\lib\</path>
         <kind>archive</kind>
         <file>rts430x_lc_sd_eabi.lib</file>
         <name>mult16.asm.obj</name>
      </input_file>
      <input_file id="fl-4e">
         <path>C:\ti\ccs1120\ccs\tools\compiler\ti-cgt-msp430_21.6.0.LTS\lib\</path>
         <kind>archive</kind>
         <file>rts430x_lc_sd_eabi.lib</file>
         <name>exit.c.obj</name>
      </input_file>
      <input_file id="fl-4f">
         <path>C:\ti\ccs1120\ccs\tools\compiler\ti-cgt-msp430_21.6.0.LTS\lib\</path>
         <kind>archive</kind>
         <file>rts430x_lc_sd_eabi.lib</file>
         <name>exit_gvars.c.obj</name>
      </input_file>
      <input_file id="fl-50">
         <path>C:\ti\ccs1120\ccs\tools\compiler\ti-cgt-msp430_21.6.0.LTS\lib\</path>
         <kind>archive</kind>
         <file>rts430x_lc_sd_eabi.lib</file>
         <name>_lock.c.obj</name>
      </input_file>
      <input_file id="fl-51">
         <path>C:\ti\ccs1120\ccs\tools\compiler\ti-cgt-msp430_21.6.0.LTS\lib\</path>
         <kind>archive</kind>
         <file>rts430x_lc_sd_eabi.lib</file>
         <name>memcpy.c.obj</name>
      </input_file>
      <input_file id="fl-52">
         <path>C:\ti\ccs1120\ccs\tools\compiler\ti-cgt-msp430_21.6.0.LTS\lib\</path>
         <kind>archive</kind>
         <file>rts430x_lc_sd_eabi.lib</file>
         <name>memset.c.obj</name>
      </input_file>
   </input_file_list>
   <object_component_list>
      <object_component id="oc-73c">
         <name>__TI_handler_table</name>
         <load_address>0x8000</load_address>
         <run_address>0x8000</run_address>
         <size>0xc</size>
      </object_component>
      <object_component id="oc-73f">
         <name>.cinit..data.load</name>
         <load_address>0x800c</load_address>
         <run_address>0x800c</run_address>
         <size>0x8</size>
      </object_component>
      <object_component id="oc-73e">
         <name>.cinit..bss.load</name>
         <load_address>0x8014</load_address>
         <run_address>0x8014</run_address>
         <size>0x6</size>
      </object_component>
      <object_component id="oc-73d">
         <name>__TI_cinit_table</name>
         <load_address>0x801a</load_address>
         <run_address>0x801a</run_address>
         <size>0x10</size>
      </object_component>
      <object_component id="oc-6dc">
         <name>.binit</name>
         <load_address>0x802a</load_address>
         <run_address>0x802a</run_address>
         <size>0x0</size>
      </object_component>
      <object_component id="oc-556">
         <name>.text:init_pressure</name>
         <load_address>0x802a</load_address>
         <run_address>0x802a</run_address>
         <size>0x3c8</size>
         <input_file_ref idref="fl-5"/>
      </object_component>
      <object_component id="oc-55c">
         <name>.text:read_pressure</name>
         <load_address>0x83f2</load_address>
         <run_address>0x83f2</run_address>
         <size>0x1e8</size>
         <input_file_ref idref="fl-5"/>
      </object_component>
      <object_component id="oc-4e6">
         <name>.text:main</name>
         <load_address>0x85da</load_address>
         <run_address>0x85da</run_address>
         <size>0x1a8</size>
         <input_file_ref idref="fl-4"/>
      </object_component>
      <object_component id="oc-56e">
         <name>.text:init_wireless</name>
         <load_address>0x8782</load_address>
         <run_address>0x8782</run_address>
         <size>0x10c</size>
         <input_file_ref idref="fl-9"/>
      </object_component>
      <object_component id="oc-66">
         <name>.text:decompress:lzss:__TI_decompress_lzss</name>
         <load_address>0x888e</load_address>
         <run_address>0x888e</run_address>
         <size>0xee</size>
         <input_file_ref idref="fl-2a"/>
      </object_component>
      <object_component id="oc-574">
         <name>.text:wireless_send</name>
         <load_address>0x897c</load_address>
         <run_address>0x897c</run_address>
         <size>0xda</size>
         <input_file_ref idref="fl-9"/>
      </object_component>
      <object_component id="oc-550">
         <name>.text:read_cap_seesaw</name>
         <load_address>0x8a56</load_address>
         <run_address>0x8a56</run_address>
         <size>0xd8</size>
         <input_file_ref idref="fl-6"/>
      </object_component>
      <object_component id="oc-568">
         <name>.text:read_data_co2</name>
         <load_address>0x8b2e</load_address>
         <run_address>0x8b2e</run_address>
         <size>0xd0</size>
         <input_file_ref idref="fl-2"/>
      </object_component>
      <object_component id="oc-5d7">
         <name>.text:Software_Trim</name>
         <load_address>0x8bfe</load_address>
         <run_address>0x8bfe</run_address>
         <size>0xbe</size>
         <input_file_ref idref="fl-3"/>
      </object_component>
      <object_component id="oc-54a">
         <name>.text:read_temp_seesaw</name>
         <load_address>0x8cbc</load_address>
         <run_address>0x8cbc</run_address>
         <size>0xb0</size>
         <input_file_ref idref="fl-6"/>
      </object_component>
      <object_component id="oc-562">
         <name>.text:init_co2</name>
         <load_address>0x8d6c</load_address>
         <run_address>0x8d6c</run_address>
         <size>0x8c</size>
         <input_file_ref idref="fl-2"/>
      </object_component>
      <object_component id="oc-60d">
         <name>.text:read_data_ready_co2</name>
         <load_address>0x8df8</load_address>
         <run_address>0x8df8</run_address>
         <size>0x88</size>
         <input_file_ref idref="fl-2"/>
      </object_component>
      <object_component id="oc-5ef">
         <name>.text:I2C_Master_WriteReg</name>
         <load_address>0x8e80</load_address>
         <run_address>0x8e80</run_address>
         <size>0x74</size>
         <input_file_ref idref="fl-3"/>
      </object_component>
      <object_component id="oc-5b1">
         <name>.text:__TI_auto_init_nobinit_nopinit_hold_wdt:__TI_auto_init_nobinit_nopinit_hold_wdt</name>
         <load_address>0x8ef4</load_address>
         <run_address>0x8ef4</run_address>
         <size>0x6a</size>
         <input_file_ref idref="fl-49"/>
      </object_component>
      <object_component id="oc-5e0">
         <name>.text:I2C_Master_ReadReg</name>
         <load_address>0x8f5e</load_address>
         <run_address>0x8f5e</run_address>
         <size>0x5e</size>
         <input_file_ref idref="fl-3"/>
      </object_component>
      <object_component id="oc-5f5">
         <name>.text:I2C_Master_ReadIntoBuffer</name>
         <load_address>0x8fbc</load_address>
         <run_address>0x8fbc</run_address>
         <size>0x5c</size>
         <input_file_ref idref="fl-3"/>
      </object_component>
      <object_component id="oc-617">
         <name>.text:SPI_Master_WriteReg</name>
         <load_address>0x9018</load_address>
         <run_address>0x9018</run_address>
         <size>0x4c</size>
         <input_file_ref idref="fl-7"/>
      </object_component>
      <object_component id="oc-62d">
         <name>.text:sleep_pins</name>
         <load_address>0x9064</load_address>
         <run_address>0x9064</run_address>
         <size>0x42</size>
         <input_file_ref idref="fl-8"/>
      </object_component>
      <object_component id="oc-42b">
         <name>.text:__memcpy_far</name>
         <load_address>0x90a6</load_address>
         <run_address>0x90a6</run_address>
         <size>0x40</size>
         <input_file_ref idref="fl-40"/>
      </object_component>
      <object_component id="oc-460">
         <name>.text:decompress:ZI:__TI_zero_init_nomemset:__TI_zero_init_nomemset</name>
         <load_address>0x90e6</load_address>
         <run_address>0x90e6</run_address>
         <size>0x3e</size>
         <input_file_ref idref="fl-3f"/>
      </object_component>
      <object_component id="oc-4c7">
         <name>.text:initGPIO_I2C</name>
         <load_address>0x9124</load_address>
         <run_address>0x9124</run_address>
         <size>0x3e</size>
         <input_file_ref idref="fl-3"/>
      </object_component>
      <object_component id="oc-4f8">
         <name>.text:__mpu_init</name>
         <load_address>0x9162</load_address>
         <run_address>0x9162</run_address>
         <size>0x3c</size>
         <input_file_ref idref="fl-47"/>
      </object_component>
      <object_component id="oc-6c">
         <name>.text:decompress:none:__TI_decompress_none</name>
         <load_address>0x919e</load_address>
         <run_address>0x919e</run_address>
         <size>0x3c</size>
         <input_file_ref idref="fl-2b"/>
      </object_component>
      <object_component id="oc-61d">
         <name>.text:SPI_Master_ReadReg</name>
         <load_address>0x91da</load_address>
         <run_address>0x91da</run_address>
         <size>0x32</size>
         <input_file_ref idref="fl-7"/>
      </object_component>
      <object_component id="oc-57a">
         <name>.text:init_timer_B_close</name>
         <load_address>0x920c</load_address>
         <run_address>0x920c</run_address>
         <size>0x32</size>
         <input_file_ref idref="fl-8"/>
      </object_component>
      <object_component id="oc-580">
         <name>.text:init_timer_B_open</name>
         <load_address>0x923e</load_address>
         <run_address>0x923e</run_address>
         <size>0x32</size>
         <input_file_ref idref="fl-8"/>
      </object_component>
      <object_component id="oc-535">
         <name>.text:initClockTo1MHz</name>
         <load_address>0x9270</load_address>
         <run_address>0x9270</run_address>
         <size>0x2e</size>
         <input_file_ref idref="fl-3"/>
      </object_component>
      <object_component id="oc-606">
         <name>.text:crc8</name>
         <load_address>0x929e</load_address>
         <run_address>0x929e</run_address>
         <size>0x2a</size>
         <input_file_ref idref="fl-2"/>
      </object_component>
      <object_component id="oc-633">
         <name>.text:init_timer</name>
         <load_address>0x92c8</load_address>
         <run_address>0x92c8</run_address>
         <size>0x24</size>
         <input_file_ref idref="fl-8"/>
      </object_component>
      <object_component id="oc-5e6">
         <name>.text:CopyArray</name>
         <load_address>0x92ec</load_address>
         <run_address>0x92ec</run_address>
         <size>0x1c</size>
         <input_file_ref idref="fl-3"/>
      </object_component>
      <object_component id="oc-543">
         <name>.text:initSPI</name>
         <load_address>0x9308</load_address>
         <run_address>0x9308</run_address>
         <size>0x1a</size>
         <input_file_ref idref="fl-7"/>
      </object_component>
      <object_component id="oc-4cd">
         <name>.text:initI2C</name>
         <load_address>0x9322</load_address>
         <run_address>0x9322</run_address>
         <size>0x16</size>
         <input_file_ref idref="fl-3"/>
      </object_component>
      <object_component id="oc-670">
         <name>.text:i2c_timeout</name>
         <load_address>0x9338</load_address>
         <run_address>0x9338</run_address>
         <size>0x14</size>
         <input_file_ref idref="fl-8"/>
      </object_component>
      <object_component id="oc-5fc">
         <name>.text:memset</name>
         <load_address>0x934c</load_address>
         <run_address>0x934c</run_address>
         <size>0x14</size>
         <input_file_ref idref="fl-52"/>
      </object_component>
      <object_component id="oc-623">
         <name>.text:setModeIdle</name>
         <load_address>0x9360</load_address>
         <run_address>0x9360</run_address>
         <size>0x14</size>
         <input_file_ref idref="fl-9"/>
      </object_component>
      <object_component id="oc-586">
         <name>.text:sleep_10_min</name>
         <load_address>0x9374</load_address>
         <run_address>0x9374</run_address>
         <size>0x12</size>
         <input_file_ref idref="fl-8"/>
      </object_component>
      <object_component id="oc-53d">
         <name>.text:initGPIO_SPI</name>
         <load_address>0x9386</load_address>
         <run_address>0x9386</run_address>
         <size>0x10</size>
         <input_file_ref idref="fl-7"/>
      </object_component>
      <object_component id="oc-4bc">
         <name>.text:SendUCA0Data</name>
         <load_address>0x9396</load_address>
         <run_address>0x9396</run_address>
         <size>0xe</size>
         <input_file_ref idref="fl-7"/>
      </object_component>
      <object_component id="oc-58d">
         <name>.text:abort</name>
         <load_address>0x93a4</load_address>
         <run_address>0x93a4</run_address>
         <size>0x6</size>
         <input_file_ref idref="fl-4e"/>
      </object_component>
      <object_component id="oc-676">
         <name>.text:cancel_i2c_timeout</name>
         <load_address>0x93aa</load_address>
         <run_address>0x93aa</run_address>
         <size>0x6</size>
         <input_file_ref idref="fl-8"/>
      </object_component>
      <object_component id="oc-4e0">
         <name>.text:_system_pre_init</name>
         <load_address>0x93b0</load_address>
         <run_address>0x93b0</run_address>
         <size>0x4</size>
         <input_file_ref idref="fl-4b"/>
      </object_component>
      <object_component id="oc-64c">
         <name>.text:_system_post_cinit</name>
         <load_address>0x93b4</load_address>
         <run_address>0x93b4</run_address>
         <size>0x2</size>
         <input_file_ref idref="fl-4a"/>
      </object_component>
      <object_component id="oc-43c">
         <name>.text:_isr:USCI_B0_ISR</name>
         <load_address>0x93b6</load_address>
         <run_address>0x93b6</run_address>
         <size>0x114</size>
         <input_file_ref idref="fl-3"/>
      </object_component>
      <object_component id="oc-442">
         <name>.text:_isr:USCI_A0_ISR</name>
         <load_address>0x94ca</load_address>
         <run_address>0x94ca</run_address>
         <size>0xe2</size>
         <input_file_ref idref="fl-7"/>
      </object_component>
      <object_component id="oc-45a">
         <name>.text:_isr:ISR_TB0_CCR0</name>
         <load_address>0x95ac</load_address>
         <run_address>0x95ac</run_address>
         <size>0x24</size>
         <input_file_ref idref="fl-4"/>
      </object_component>
      <object_component id="oc-48a">
         <name>.text:_isr:_c_int00_noargs_mpu</name>
         <load_address>0x95d0</load_address>
         <run_address>0x95d0</run_address>
         <size>0x20</size>
         <input_file_ref idref="fl-46"/>
      </object_component>
      <object_component id="oc-44e">
         <name>.text:_isr:Timer1_B0_ISR</name>
         <load_address>0x95f0</load_address>
         <run_address>0x95f0</run_address>
         <size>0x1e</size>
         <input_file_ref idref="fl-4"/>
      </object_component>
      <object_component id="oc-448">
         <name>.text:_isr:RTC_ISR</name>
         <load_address>0x960e</load_address>
         <run_address>0x960e</run_address>
         <size>0x14</size>
         <input_file_ref idref="fl-4"/>
      </object_component>
      <object_component id="oc-454">
         <name>.text:_isr:ISR_TB0_CCR1</name>
         <load_address>0x9622</load_address>
         <run_address>0x9622</run_address>
         <size>0xa</size>
         <input_file_ref idref="fl-4"/>
      </object_component>
      <object_component id="oc-437">
         <name>.text:_isr:__TI_ISR_TRAP</name>
         <load_address>0x962c</load_address>
         <run_address>0x962c</run_address>
         <size>0x8</size>
         <input_file_ref idref="fl-2d"/>
      </object_component>
      <object_component id="oc-613">
         <name>.common:CO2_buf</name>
         <uninitialized>true</uninitialized>
         <run_address>0x209e</run_address>
         <size>0x12</size>
      </object_component>
      <object_component id="oc-53b">
         <name>.common:wireless_buf</name>
         <uninitialized>true</uninitialized>
         <run_address>0x2060</run_address>
         <size>0x24</size>
      </object_component>
      <object_component id="oc-53c">
         <name>.common:seesaw_buf</name>
         <uninitialized>true</uninitialized>
         <run_address>0x2084</run_address>
         <size>0x1a</size>
      </object_component>
      <object_component id="oc-549">
         <name>.common:i2c_succeed</name>
         <uninitialized>true</uninitialized>
         <run_address>0x20b0</run_address>
         <size>0x1</size>
      </object_component>
      <object_component id="oc-4d5">
         <name>.common:pulses</name>
         <uninitialized>true</uninitialized>
         <run_address>0x20b1</run_address>
         <size>0x1</size>
      </object_component>
      <object_component id="oc-4a7">
         <name>.data</name>
         <load_address>0x2050</load_address>
         <run_address>0x2050</run_address>
         <size>0x8</size>
         <input_file_ref idref="fl-3"/>
      </object_component>
      <object_component id="oc-4ad">
         <name>.data:ReceiveBuffer</name>
         <load_address>0x2000</load_address>
         <run_address>0x2000</run_address>
         <size>0x14</size>
         <input_file_ref idref="fl-3"/>
      </object_component>
      <object_component id="oc-4aa">
         <name>.data:TransmitBuffer</name>
         <load_address>0x203c</load_address>
         <run_address>0x203c</run_address>
         <size>0x14</size>
         <input_file_ref idref="fl-3"/>
      </object_component>
      <object_component id="oc-4b6">
         <name>.data</name>
         <load_address>0x2058</load_address>
         <run_address>0x2058</run_address>
         <size>0x7</size>
         <input_file_ref idref="fl-7"/>
      </object_component>
      <object_component id="oc-4b9">
         <name>.data:SPI_ReceiveBuffer</name>
         <load_address>0x2014</load_address>
         <run_address>0x2014</run_address>
         <size>0x14</size>
         <input_file_ref idref="fl-7"/>
      </object_component>
      <object_component id="oc-4c2">
         <name>.data:SPI_TransmitBuffer</name>
         <load_address>0x2028</load_address>
         <run_address>0x2028</run_address>
         <size>0x14</size>
         <input_file_ref idref="fl-7"/>
      </object_component>
      <object_component id="oc-41c">
         <name>.stack</name>
         <uninitialized>true</uninitialized>
         <run_address>0x2f60</run_address>
         <size>0x2</size>
         <input_file_ref idref="fl-46"/>
      </object_component>
      <object_component id="oc-740">
         <name>.stack</name>
         <uninitialized>true</uninitialized>
         <run_address>0x2f60</run_address>
         <size>0x0</size>
      </object_component>
      <object_component id="oc-72">
         <name>.int22</name>
         <load_address>0xffce</load_address>
         <run_address>0xffce</run_address>
         <size>0x2</size>
         <input_file_ref idref="fl-2c"/>
      </object_component>
      <object_component id="oc-73">
         <name>.int23</name>
         <load_address>0xffd0</load_address>
         <run_address>0xffd0</run_address>
         <size>0x2</size>
         <input_file_ref idref="fl-2e"/>
      </object_component>
      <object_component id="oc-74">
         <name>.int24</name>
         <load_address>0xffd2</load_address>
         <run_address>0xffd2</run_address>
         <size>0x2</size>
         <input_file_ref idref="fl-2f"/>
      </object_component>
      <object_component id="oc-75">
         <name>.int25</name>
         <load_address>0xffd4</load_address>
         <run_address>0xffd4</run_address>
         <size>0x2</size>
         <input_file_ref idref="fl-30"/>
      </object_component>
      <object_component id="oc-76">
         <name>.int26</name>
         <load_address>0xffd6</load_address>
         <run_address>0xffd6</run_address>
         <size>0x2</size>
         <input_file_ref idref="fl-31"/>
      </object_component>
      <object_component id="oc-77">
         <name>.int27</name>
         <load_address>0xffd8</load_address>
         <run_address>0xffd8</run_address>
         <size>0x2</size>
         <input_file_ref idref="fl-32"/>
      </object_component>
      <object_component id="oc-78">
         <name>.int28</name>
         <load_address>0xffda</load_address>
         <run_address>0xffda</run_address>
         <size>0x2</size>
         <input_file_ref idref="fl-33"/>
      </object_component>
      <object_component id="oc-79">
         <name>.int29</name>
         <load_address>0xffdc</load_address>
         <run_address>0xffdc</run_address>
         <size>0x2</size>
         <input_file_ref idref="fl-34"/>
      </object_component>
      <object_component id="oc-7a">
         <name>.int30</name>
         <load_address>0xffde</load_address>
         <run_address>0xffde</run_address>
         <size>0x2</size>
         <input_file_ref idref="fl-35"/>
      </object_component>
      <object_component id="oc-7b">
         <name>.int31</name>
         <load_address>0xffe0</load_address>
         <run_address>0xffe0</run_address>
         <size>0x2</size>
         <input_file_ref idref="fl-3"/>
      </object_component>
      <object_component id="oc-7c">
         <name>.int32</name>
         <load_address>0xffe2</load_address>
         <run_address>0xffe2</run_address>
         <size>0x2</size>
         <input_file_ref idref="fl-36"/>
      </object_component>
      <object_component id="oc-7d">
         <name>.int33</name>
         <load_address>0xffe4</load_address>
         <run_address>0xffe4</run_address>
         <size>0x2</size>
         <input_file_ref idref="fl-7"/>
      </object_component>
      <object_component id="oc-7e">
         <name>.int34</name>
         <load_address>0xffe6</load_address>
         <run_address>0xffe6</run_address>
         <size>0x2</size>
         <input_file_ref idref="fl-37"/>
      </object_component>
      <object_component id="oc-7f">
         <name>.int35</name>
         <load_address>0xffe8</load_address>
         <run_address>0xffe8</run_address>
         <size>0x2</size>
         <input_file_ref idref="fl-4"/>
      </object_component>
      <object_component id="oc-80">
         <name>.int36</name>
         <load_address>0xffea</load_address>
         <run_address>0xffea</run_address>
         <size>0x2</size>
         <input_file_ref idref="fl-38"/>
      </object_component>
      <object_component id="oc-81">
         <name>.int37</name>
         <load_address>0xffec</load_address>
         <run_address>0xffec</run_address>
         <size>0x2</size>
         <input_file_ref idref="fl-39"/>
      </object_component>
      <object_component id="oc-82">
         <name>.int38</name>
         <load_address>0xffee</load_address>
         <run_address>0xffee</run_address>
         <size>0x2</size>
         <input_file_ref idref="fl-3a"/>
      </object_component>
      <object_component id="oc-83">
         <name>.int39</name>
         <load_address>0xfff0</load_address>
         <run_address>0xfff0</run_address>
         <size>0x2</size>
         <input_file_ref idref="fl-3b"/>
      </object_component>
      <object_component id="oc-84">
         <name>.int40</name>
         <load_address>0xfff2</load_address>
         <run_address>0xfff2</run_address>
         <size>0x2</size>
         <input_file_ref idref="fl-3c"/>
      </object_component>
      <object_component id="oc-85">
         <name>.int41</name>
         <load_address>0xfff4</load_address>
         <run_address>0xfff4</run_address>
         <size>0x2</size>
         <input_file_ref idref="fl-4"/>
      </object_component>
      <object_component id="oc-86">
         <name>.int42</name>
         <load_address>0xfff6</load_address>
         <run_address>0xfff6</run_address>
         <size>0x2</size>
         <input_file_ref idref="fl-4"/>
      </object_component>
      <object_component id="oc-87">
         <name>.int43</name>
         <load_address>0xfff8</load_address>
         <run_address>0xfff8</run_address>
         <size>0x2</size>
         <input_file_ref idref="fl-4"/>
      </object_component>
      <object_component id="oc-88">
         <name>.int44</name>
         <load_address>0xfffa</load_address>
         <run_address>0xfffa</run_address>
         <size>0x2</size>
         <input_file_ref idref="fl-3d"/>
      </object_component>
      <object_component id="oc-89">
         <name>.int45</name>
         <load_address>0xfffc</load_address>
         <run_address>0xfffc</run_address>
         <size>0x2</size>
         <input_file_ref idref="fl-3e"/>
      </object_component>
      <object_component id="oc-41f">
         <name>.reset</name>
         <load_address>0xfffe</load_address>
         <run_address>0xfffe</run_address>
         <size>0x2</size>
         <input_file_ref idref="fl-46"/>
      </object_component>
      <object_component id="oc-5d3">
         <name>.debug_info</name>
         <load_address>0x0</load_address>
         <run_address>0x0</run_address>
         <size>0x304</size>
         <input_file_ref idref="fl-2"/>
      </object_component>
      <object_component id="oc-610">
         <name>.debug_info</name>
         <load_address>0x304</load_address>
         <run_address>0x304</run_address>
         <size>0x181</size>
         <input_file_ref idref="fl-2"/>
      </object_component>
      <object_component id="oc-56a">
         <name>.debug_info</name>
         <load_address>0x485</load_address>
         <run_address>0x485</run_address>
         <size>0x17f</size>
         <input_file_ref idref="fl-2"/>
      </object_component>
      <object_component id="oc-608">
         <name>.debug_info</name>
         <load_address>0x604</load_address>
         <run_address>0x604</run_address>
         <size>0x13d</size>
         <input_file_ref idref="fl-2"/>
      </object_component>
      <object_component id="oc-565">
         <name>.debug_info</name>
         <load_address>0x741</load_address>
         <run_address>0x741</run_address>
         <size>0x17e</size>
         <input_file_ref idref="fl-2"/>
      </object_component>
      <object_component id="oc-52f">
         <name>.debug_info</name>
         <load_address>0x8bf</load_address>
         <run_address>0x8bf</run_address>
         <size>0x26b</size>
         <input_file_ref idref="fl-2"/>
      </object_component>
      <object_component id="oc-52a">
         <name>.debug_info</name>
         <load_address>0xb2a</load_address>
         <run_address>0xb2a</run_address>
         <size>0x94</size>
         <input_file_ref idref="fl-2"/>
      </object_component>
      <object_component id="oc-516">
         <name>.debug_info</name>
         <load_address>0xbbe</load_address>
         <run_address>0xbbe</run_address>
         <size>0x70</size>
         <input_file_ref idref="fl-2"/>
      </object_component>
      <object_component id="oc-525">
         <name>.debug_info</name>
         <load_address>0xc2e</load_address>
         <run_address>0xc2e</run_address>
         <size>0x8b</size>
         <input_file_ref idref="fl-2"/>
      </object_component>
      <object_component id="oc-50f">
         <name>.debug_info</name>
         <load_address>0xcb9</load_address>
         <run_address>0xcb9</run_address>
         <size>0x282</size>
         <input_file_ref idref="fl-2"/>
      </object_component>
      <object_component id="oc-4b1">
         <name>.debug_info</name>
         <load_address>0xf3b</load_address>
         <run_address>0xf3b</run_address>
         <size>0xbb</size>
         <input_file_ref idref="fl-2"/>
      </object_component>
      <object_component id="oc-509">
         <name>.debug_info</name>
         <load_address>0xff6</load_address>
         <run_address>0xff6</run_address>
         <size>0x452</size>
         <input_file_ref idref="fl-3"/>
      </object_component>
      <object_component id="oc-4a8">
         <name>.debug_info</name>
         <load_address>0x1448</load_address>
         <run_address>0x1448</run_address>
         <size>0x1d0</size>
         <input_file_ref idref="fl-3"/>
      </object_component>
      <object_component id="oc-4ae">
         <name>.debug_info</name>
         <load_address>0x1618</load_address>
         <run_address>0x1618</run_address>
         <size>0xce</size>
         <input_file_ref idref="fl-3"/>
      </object_component>
      <object_component id="oc-4ab">
         <name>.debug_info</name>
         <load_address>0x16e6</load_address>
         <run_address>0x16e6</run_address>
         <size>0xd0</size>
         <input_file_ref idref="fl-3"/>
      </object_component>
      <object_component id="oc-4ce">
         <name>.debug_info</name>
         <load_address>0x17b6</load_address>
         <run_address>0x17b6</run_address>
         <size>0xea</size>
         <input_file_ref idref="fl-3"/>
      </object_component>
      <object_component id="oc-4c8">
         <name>.debug_info</name>
         <load_address>0x18a0</load_address>
         <run_address>0x18a0</run_address>
         <size>0xf4</size>
         <input_file_ref idref="fl-3"/>
      </object_component>
      <object_component id="oc-5d8">
         <name>.debug_info</name>
         <load_address>0x1994</load_address>
         <run_address>0x1994</run_address>
         <size>0x216</size>
         <input_file_ref idref="fl-3"/>
      </object_component>
      <object_component id="oc-536">
         <name>.debug_info</name>
         <load_address>0x1baa</load_address>
         <run_address>0x1baa</run_address>
         <size>0x10e</size>
         <input_file_ref idref="fl-3"/>
      </object_component>
      <object_component id="oc-43d">
         <name>.debug_info</name>
         <load_address>0x1cb8</load_address>
         <run_address>0x1cb8</run_address>
         <size>0x10b</size>
         <input_file_ref idref="fl-3"/>
      </object_component>
      <object_component id="oc-5e7">
         <name>.debug_info</name>
         <load_address>0x1dc3</load_address>
         <run_address>0x1dc3</run_address>
         <size>0x17b</size>
         <input_file_ref idref="fl-3"/>
      </object_component>
      <object_component id="oc-5f0">
         <name>.debug_info</name>
         <load_address>0x1f3e</load_address>
         <run_address>0x1f3e</run_address>
         <size>0x234</size>
         <input_file_ref idref="fl-3"/>
      </object_component>
      <object_component id="oc-5e1">
         <name>.debug_info</name>
         <load_address>0x2172</load_address>
         <run_address>0x2172</run_address>
         <size>0x1ef</size>
         <input_file_ref idref="fl-3"/>
      </object_component>
      <object_component id="oc-5f6">
         <name>.debug_info</name>
         <load_address>0x2361</load_address>
         <run_address>0x2361</run_address>
         <size>0x195</size>
         <input_file_ref idref="fl-3"/>
      </object_component>
      <object_component id="oc-4d6">
         <name>.debug_info</name>
         <load_address>0x24f6</load_address>
         <run_address>0x24f6</run_address>
         <size>0x672</size>
         <input_file_ref idref="fl-4"/>
      </object_component>
      <object_component id="oc-4e7">
         <name>.debug_info</name>
         <load_address>0x2b68</load_address>
         <run_address>0x2b68</run_address>
         <size>0x250</size>
         <input_file_ref idref="fl-4"/>
      </object_component>
      <object_component id="oc-44f">
         <name>.debug_info</name>
         <load_address>0x2db8</load_address>
         <run_address>0x2db8</run_address>
         <size>0x11b</size>
         <input_file_ref idref="fl-4"/>
      </object_component>
      <object_component id="oc-449">
         <name>.debug_info</name>
         <load_address>0x2ed3</load_address>
         <run_address>0x2ed3</run_address>
         <size>0xee</size>
         <input_file_ref idref="fl-4"/>
      </object_component>
      <object_component id="oc-456">
         <name>.debug_info</name>
         <load_address>0x2fc1</load_address>
         <run_address>0x2fc1</run_address>
         <size>0xf8</size>
         <input_file_ref idref="fl-4"/>
      </object_component>
      <object_component id="oc-45b">
         <name>.debug_info</name>
         <load_address>0x30b9</load_address>
         <run_address>0x30b9</run_address>
         <size>0xf8</size>
         <input_file_ref idref="fl-4"/>
      </object_component>
      <object_component id="oc-603">
         <name>.debug_info</name>
         <load_address>0x31b1</load_address>
         <run_address>0x31b1</run_address>
         <size>0x315</size>
         <input_file_ref idref="fl-5"/>
      </object_component>
      <object_component id="oc-55d">
         <name>.debug_info</name>
         <load_address>0x34c6</load_address>
         <run_address>0x34c6</run_address>
         <size>0x31e</size>
         <input_file_ref idref="fl-5"/>
      </object_component>
      <object_component id="oc-558">
         <name>.debug_info</name>
         <load_address>0x37e4</load_address>
         <run_address>0x37e4</run_address>
         <size>0x4df</size>
         <input_file_ref idref="fl-5"/>
      </object_component>
      <object_component id="oc-5ed">
         <name>.debug_info</name>
         <load_address>0x3cc3</load_address>
         <run_address>0x3cc3</run_address>
         <size>0x382</size>
         <input_file_ref idref="fl-6"/>
      </object_component>
      <object_component id="oc-54e">
         <name>.debug_info</name>
         <load_address>0x4045</load_address>
         <run_address>0x4045</run_address>
         <size>0x16a</size>
         <input_file_ref idref="fl-6"/>
      </object_component>
      <object_component id="oc-554">
         <name>.debug_info</name>
         <load_address>0x41af</load_address>
         <run_address>0x41af</run_address>
         <size>0x1a2</size>
         <input_file_ref idref="fl-6"/>
      </object_component>
      <object_component id="oc-51d">
         <name>.debug_info</name>
         <load_address>0x4351</load_address>
         <run_address>0x4351</run_address>
         <size>0x301</size>
         <input_file_ref idref="fl-7"/>
      </object_component>
      <object_component id="oc-4b7">
         <name>.debug_info</name>
         <load_address>0x4652</load_address>
         <run_address>0x4652</run_address>
         <size>0x1c1</size>
         <input_file_ref idref="fl-7"/>
      </object_component>
      <object_component id="oc-4ba">
         <name>.debug_info</name>
         <load_address>0x4813</load_address>
         <run_address>0x4813</run_address>
         <size>0xd6</size>
         <input_file_ref idref="fl-7"/>
      </object_component>
      <object_component id="oc-4c3">
         <name>.debug_info</name>
         <load_address>0x48e9</load_address>
         <run_address>0x48e9</run_address>
         <size>0xd8</size>
         <input_file_ref idref="fl-7"/>
      </object_component>
      <object_component id="oc-544">
         <name>.debug_info</name>
         <load_address>0x49c1</load_address>
         <run_address>0x49c1</run_address>
         <size>0xea</size>
         <input_file_ref idref="fl-7"/>
      </object_component>
      <object_component id="oc-53e">
         <name>.debug_info</name>
         <load_address>0x4aab</load_address>
         <run_address>0x4aab</run_address>
         <size>0xf4</size>
         <input_file_ref idref="fl-7"/>
      </object_component>
      <object_component id="oc-4bd">
         <name>.debug_info</name>
         <load_address>0x4b9f</load_address>
         <run_address>0x4b9f</run_address>
         <size>0x112</size>
         <input_file_ref idref="fl-7"/>
      </object_component>
      <object_component id="oc-443">
         <name>.debug_info</name>
         <load_address>0x4cb1</load_address>
         <run_address>0x4cb1</run_address>
         <size>0x15e</size>
         <input_file_ref idref="fl-7"/>
      </object_component>
      <object_component id="oc-618">
         <name>.debug_info</name>
         <load_address>0x4e0f</load_address>
         <run_address>0x4e0f</run_address>
         <size>0x19a</size>
         <input_file_ref idref="fl-7"/>
      </object_component>
      <object_component id="oc-61e">
         <name>.debug_info</name>
         <load_address>0x4fa9</load_address>
         <run_address>0x4fa9</run_address>
         <size>0x16f</size>
         <input_file_ref idref="fl-7"/>
      </object_component>
      <object_component id="oc-426">
         <name>.debug_info</name>
         <load_address>0x5118</load_address>
         <run_address>0x5118</run_address>
         <size>0x84</size>
         <input_file_ref idref="fl-7"/>
      </object_component>
      <object_component id="oc-631">
         <name>.debug_info</name>
         <load_address>0x519c</load_address>
         <run_address>0x519c</run_address>
         <size>0xf6</size>
         <input_file_ref idref="fl-8"/>
      </object_component>
      <object_component id="oc-637">
         <name>.debug_info</name>
         <load_address>0x5292</load_address>
         <run_address>0x5292</run_address>
         <size>0xf6</size>
         <input_file_ref idref="fl-8"/>
      </object_component>
      <object_component id="oc-588">
         <name>.debug_info</name>
         <load_address>0x5388</load_address>
         <run_address>0x5388</run_address>
         <size>0x11c</size>
         <input_file_ref idref="fl-8"/>
      </object_component>
      <object_component id="oc-582">
         <name>.debug_info</name>
         <load_address>0x54a4</load_address>
         <run_address>0x54a4</run_address>
         <size>0x104</size>
         <input_file_ref idref="fl-8"/>
      </object_component>
      <object_component id="oc-57d">
         <name>.debug_info</name>
         <load_address>0x55a8</load_address>
         <run_address>0x55a8</run_address>
         <size>0x106</size>
         <input_file_ref idref="fl-8"/>
      </object_component>
      <object_component id="oc-672">
         <name>.debug_info</name>
         <load_address>0x56ae</load_address>
         <run_address>0x56ae</run_address>
         <size>0xf8</size>
         <input_file_ref idref="fl-8"/>
      </object_component>
      <object_component id="oc-677">
         <name>.debug_info</name>
         <load_address>0x57a6</load_address>
         <run_address>0x57a6</run_address>
         <size>0x106</size>
         <input_file_ref idref="fl-8"/>
      </object_component>
      <object_component id="oc-614">
         <name>.debug_info</name>
         <load_address>0x58ac</load_address>
         <run_address>0x58ac</run_address>
         <size>0x264</size>
         <input_file_ref idref="fl-9"/>
      </object_component>
      <object_component id="oc-626">
         <name>.debug_info</name>
         <load_address>0x5b10</load_address>
         <run_address>0x5b10</run_address>
         <size>0x12b</size>
         <input_file_ref idref="fl-9"/>
      </object_component>
      <object_component id="oc-575">
         <name>.debug_info</name>
         <load_address>0x5c3b</load_address>
         <run_address>0x5c3b</run_address>
         <size>0x2ad</size>
         <input_file_ref idref="fl-9"/>
      </object_component>
      <object_component id="oc-570">
         <name>.debug_info</name>
         <load_address>0x5ee8</load_address>
         <run_address>0x5ee8</run_address>
         <size>0x2a6</size>
         <input_file_ref idref="fl-9"/>
      </object_component>
      <object_component id="oc-67">
         <name>.debug_info</name>
         <load_address>0x618e</load_address>
         <run_address>0x618e</run_address>
         <size>0x2b8</size>
         <input_file_ref idref="fl-2a"/>
      </object_component>
      <object_component id="oc-502">
         <name>.debug_info</name>
         <load_address>0x6446</load_address>
         <run_address>0x6446</run_address>
         <size>0x46</size>
         <input_file_ref idref="fl-2a"/>
      </object_component>
      <object_component id="oc-49e">
         <name>.debug_info</name>
         <load_address>0x648c</load_address>
         <run_address>0x648c</run_address>
         <size>0x39</size>
         <input_file_ref idref="fl-2a"/>
      </object_component>
      <object_component id="oc-421">
         <name>.debug_info</name>
         <load_address>0x64c5</load_address>
         <run_address>0x64c5</run_address>
         <size>0x60</size>
         <input_file_ref idref="fl-2a"/>
      </object_component>
      <object_component id="oc-436">
         <name>.debug_info</name>
         <load_address>0x6525</load_address>
         <run_address>0x6525</run_address>
         <size>0x1da</size>
         <input_file_ref idref="fl-2b"/>
      </object_component>
      <object_component id="oc-6e">
         <name>.debug_info</name>
         <load_address>0x66ff</load_address>
         <run_address>0x66ff</run_address>
         <size>0x1f2</size>
         <input_file_ref idref="fl-2b"/>
      </object_component>
      <object_component id="oc-431">
         <name>.debug_info</name>
         <load_address>0x68f1</load_address>
         <run_address>0x68f1</run_address>
         <size>0x46</size>
         <input_file_ref idref="fl-2b"/>
      </object_component>
      <object_component id="oc-438">
         <name>.debug_info</name>
         <load_address>0x6937</load_address>
         <run_address>0x6937</run_address>
         <size>0x10f</size>
         <input_file_ref idref="fl-2d"/>
      </object_component>
      <object_component id="oc-462">
         <name>.debug_info</name>
         <load_address>0x6a46</load_address>
         <run_address>0x6a46</run_address>
         <size>0x1d3</size>
         <input_file_ref idref="fl-3f"/>
      </object_component>
      <object_component id="oc-4da">
         <name>.debug_info</name>
         <load_address>0x6c19</load_address>
         <run_address>0x6c19</run_address>
         <size>0x46</size>
         <input_file_ref idref="fl-3f"/>
      </object_component>
      <object_component id="oc-42c">
         <name>.debug_info</name>
         <load_address>0x6c5f</load_address>
         <run_address>0x6c5f</run_address>
         <size>0x121</size>
         <input_file_ref idref="fl-40"/>
      </object_component>
      <object_component id="oc-41d">
         <name>.debug_info</name>
         <load_address>0x6d80</load_address>
         <run_address>0x6d80</run_address>
         <size>0x100</size>
         <input_file_ref idref="fl-46"/>
      </object_component>
      <object_component id="oc-48b">
         <name>.debug_info</name>
         <load_address>0x6e80</load_address>
         <run_address>0x6e80</run_address>
         <size>0x193</size>
         <input_file_ref idref="fl-46"/>
      </object_component>
      <object_component id="oc-4fc">
         <name>.debug_info</name>
         <load_address>0x7013</load_address>
         <run_address>0x7013</run_address>
         <size>0x1ae</size>
         <input_file_ref idref="fl-47"/>
      </object_component>
      <object_component id="oc-5cc">
         <name>.debug_info</name>
         <load_address>0x71c1</load_address>
         <run_address>0x71c1</run_address>
         <size>0x18b</size>
         <input_file_ref idref="fl-47"/>
      </object_component>
      <object_component id="oc-653">
         <name>.debug_info</name>
         <load_address>0x734c</load_address>
         <run_address>0x734c</run_address>
         <size>0x409</size>
         <input_file_ref idref="fl-49"/>
      </object_component>
      <object_component id="oc-5b5">
         <name>.debug_info</name>
         <load_address>0x7755</load_address>
         <run_address>0x7755</run_address>
         <size>0x216</size>
         <input_file_ref idref="fl-49"/>
      </object_component>
      <object_component id="oc-6ab">
         <name>.debug_info</name>
         <load_address>0x796b</load_address>
         <run_address>0x796b</run_address>
         <size>0x39</size>
         <input_file_ref idref="fl-49"/>
      </object_component>
      <object_component id="oc-6c2">
         <name>.debug_info</name>
         <load_address>0x79a4</load_address>
         <run_address>0x79a4</run_address>
         <size>0x2c</size>
         <input_file_ref idref="fl-49"/>
      </object_component>
      <object_component id="oc-65e">
         <name>.debug_info</name>
         <load_address>0x79d0</load_address>
         <run_address>0x79d0</run_address>
         <size>0x2c</size>
         <input_file_ref idref="fl-49"/>
      </object_component>
      <object_component id="oc-6b0">
         <name>.debug_info</name>
         <load_address>0x79fc</load_address>
         <run_address>0x79fc</run_address>
         <size>0xcd</size>
         <input_file_ref idref="fl-49"/>
      </object_component>
      <object_component id="oc-64d">
         <name>.debug_info</name>
         <load_address>0x7ac9</load_address>
         <run_address>0x7ac9</run_address>
         <size>0x150</size>
         <input_file_ref idref="fl-4a"/>
      </object_component>
      <object_component id="oc-4e1">
         <name>.debug_info</name>
         <load_address>0x7c19</load_address>
         <run_address>0x7c19</run_address>
         <size>0x153</size>
         <input_file_ref idref="fl-4b"/>
      </object_component>
      <object_component id="oc-684">
         <name>.debug_info</name>
         <load_address>0x7d6c</load_address>
         <run_address>0x7d6c</run_address>
         <size>0x2c</size>
         <input_file_ref idref="fl-4c"/>
      </object_component>
      <object_component id="oc-590">
         <name>.debug_info</name>
         <load_address>0x7d98</load_address>
         <run_address>0x7d98</run_address>
         <size>0x122</size>
         <input_file_ref idref="fl-4e"/>
      </object_component>
      <object_component id="oc-683">
         <name>.debug_info</name>
         <load_address>0x7eba</load_address>
         <run_address>0x7eba</run_address>
         <size>0x16d</size>
         <input_file_ref idref="fl-52"/>
      </object_component>
      <object_component id="oc-5fe">
         <name>.debug_info</name>
         <load_address>0x8027</load_address>
         <run_address>0x8027</run_address>
         <size>0x275</size>
         <input_file_ref idref="fl-52"/>
      </object_component>
      <object_component id="oc-741">
         <name>.debug_info</name>
         <load_address>0x829c</load_address>
         <run_address>0x829c</run_address>
         <size>0x94</size>
      </object_component>
      <object_component id="oc-66e">
         <name>.debug_line</name>
         <load_address>0x0</load_address>
         <run_address>0x0</run_address>
         <size>0x51</size>
         <input_file_ref idref="fl-2"/>
      </object_component>
      <object_component id="oc-60e">
         <name>.debug_line</name>
         <load_address>0x51</load_address>
         <run_address>0x51</run_address>
         <size>0x54</size>
         <input_file_ref idref="fl-2"/>
      </object_component>
      <object_component id="oc-569">
         <name>.debug_line</name>
         <load_address>0xa5</load_address>
         <run_address>0xa5</run_address>
         <size>0x6a</size>
         <input_file_ref idref="fl-2"/>
      </object_component>
      <object_component id="oc-607">
         <name>.debug_line</name>
         <load_address>0x10f</load_address>
         <run_address>0x10f</run_address>
         <size>0x55</size>
         <input_file_ref idref="fl-2"/>
      </object_component>
      <object_component id="oc-563">
         <name>.debug_line</name>
         <load_address>0x164</load_address>
         <run_address>0x164</run_address>
         <size>0x5b</size>
         <input_file_ref idref="fl-2"/>
      </object_component>
      <object_component id="oc-532">
         <name>.debug_line</name>
         <load_address>0x1bf</load_address>
         <run_address>0x1bf</run_address>
         <size>0x72</size>
         <input_file_ref idref="fl-2"/>
      </object_component>
      <object_component id="oc-52d">
         <name>.debug_line</name>
         <load_address>0x231</load_address>
         <run_address>0x231</run_address>
         <size>0x2c</size>
         <input_file_ref idref="fl-2"/>
      </object_component>
      <object_component id="oc-519">
         <name>.debug_line</name>
         <load_address>0x25d</load_address>
         <run_address>0x25d</run_address>
         <size>0x2c</size>
         <input_file_ref idref="fl-2"/>
      </object_component>
      <object_component id="oc-528">
         <name>.debug_line</name>
         <load_address>0x289</load_address>
         <run_address>0x289</run_address>
         <size>0x20</size>
         <input_file_ref idref="fl-2"/>
      </object_component>
      <object_component id="oc-512">
         <name>.debug_line</name>
         <load_address>0x2a9</load_address>
         <run_address>0x2a9</run_address>
         <size>0x76</size>
         <input_file_ref idref="fl-2"/>
      </object_component>
      <object_component id="oc-4b4">
         <name>.debug_line</name>
         <load_address>0x31f</load_address>
         <run_address>0x31f</run_address>
         <size>0x73</size>
         <input_file_ref idref="fl-2"/>
      </object_component>
      <object_component id="oc-5d2">
         <name>.debug_line</name>
         <load_address>0x392</load_address>
         <run_address>0x392</run_address>
         <size>0x76</size>
         <input_file_ref idref="fl-3"/>
      </object_component>
      <object_component id="oc-508">
         <name>.debug_line</name>
         <load_address>0x408</load_address>
         <run_address>0x408</run_address>
         <size>0x2c</size>
         <input_file_ref idref="fl-3"/>
      </object_component>
      <object_component id="oc-50e">
         <name>.debug_line</name>
         <load_address>0x434</load_address>
         <run_address>0x434</run_address>
         <size>0x2c</size>
         <input_file_ref idref="fl-3"/>
      </object_component>
      <object_component id="oc-50c">
         <name>.debug_line</name>
         <load_address>0x460</load_address>
         <run_address>0x460</run_address>
         <size>0x2c</size>
         <input_file_ref idref="fl-3"/>
      </object_component>
      <object_component id="oc-4d2">
         <name>.debug_line</name>
         <load_address>0x48c</load_address>
         <run_address>0x48c</run_address>
         <size>0x45</size>
         <input_file_ref idref="fl-3"/>
      </object_component>
      <object_component id="oc-4cb">
         <name>.debug_line</name>
         <load_address>0x4d1</load_address>
         <run_address>0x4d1</run_address>
         <size>0x4b</size>
         <input_file_ref idref="fl-3"/>
      </object_component>
      <object_component id="oc-5db">
         <name>.debug_line</name>
         <load_address>0x51c</load_address>
         <run_address>0x51c</run_address>
         <size>0x89</size>
         <input_file_ref idref="fl-3"/>
      </object_component>
      <object_component id="oc-539">
         <name>.debug_line</name>
         <load_address>0x5a5</load_address>
         <run_address>0x5a5</run_address>
         <size>0x4a</size>
         <input_file_ref idref="fl-3"/>
      </object_component>
      <object_component id="oc-441">
         <name>.debug_line</name>
         <load_address>0x5ef</load_address>
         <run_address>0x5ef</run_address>
         <size>0xa8</size>
         <input_file_ref idref="fl-3"/>
      </object_component>
      <object_component id="oc-5ea">
         <name>.debug_line</name>
         <load_address>0x697</load_address>
         <run_address>0x697</run_address>
         <size>0x4b</size>
         <input_file_ref idref="fl-3"/>
      </object_component>
      <object_component id="oc-5f3">
         <name>.debug_line</name>
         <load_address>0x6e2</load_address>
         <run_address>0x6e2</run_address>
         <size>0x58</size>
         <input_file_ref idref="fl-3"/>
      </object_component>
      <object_component id="oc-5e5">
         <name>.debug_line</name>
         <load_address>0x73a</load_address>
         <run_address>0x73a</run_address>
         <size>0x56</size>
         <input_file_ref idref="fl-3"/>
      </object_component>
      <object_component id="oc-5fa">
         <name>.debug_line</name>
         <load_address>0x790</load_address>
         <run_address>0x790</run_address>
         <size>0x54</size>
         <input_file_ref idref="fl-3"/>
      </object_component>
      <object_component id="oc-524">
         <name>.debug_line</name>
         <load_address>0x7e4</load_address>
         <run_address>0x7e4</run_address>
         <size>0xcc</size>
         <input_file_ref idref="fl-4"/>
      </object_component>
      <object_component id="oc-4ea">
         <name>.debug_line</name>
         <load_address>0x8b0</load_address>
         <run_address>0x8b0</run_address>
         <size>0xee</size>
         <input_file_ref idref="fl-4"/>
      </object_component>
      <object_component id="oc-452">
         <name>.debug_line</name>
         <load_address>0x99e</load_address>
         <run_address>0x99e</run_address>
         <size>0x47</size>
         <input_file_ref idref="fl-4"/>
      </object_component>
      <object_component id="oc-44c">
         <name>.debug_line</name>
         <load_address>0x9e5</load_address>
         <run_address>0x9e5</run_address>
         <size>0x47</size>
         <input_file_ref idref="fl-4"/>
      </object_component>
      <object_component id="oc-459">
         <name>.debug_line</name>
         <load_address>0xa2c</load_address>
         <run_address>0xa2c</run_address>
         <size>0x44</size>
         <input_file_ref idref="fl-4"/>
      </object_component>
      <object_component id="oc-45e">
         <name>.debug_line</name>
         <load_address>0xa70</load_address>
         <run_address>0xa70</run_address>
         <size>0x4d</size>
         <input_file_ref idref="fl-4"/>
      </object_component>
      <object_component id="oc-68a">
         <name>.debug_line</name>
         <load_address>0xabd</load_address>
         <run_address>0xabd</run_address>
         <size>0x51</size>
         <input_file_ref idref="fl-5"/>
      </object_component>
      <object_component id="oc-560">
         <name>.debug_line</name>
         <load_address>0xb0e</load_address>
         <run_address>0xb0e</run_address>
         <size>0xdd</size>
         <input_file_ref idref="fl-5"/>
      </object_component>
      <object_component id="oc-55b">
         <name>.debug_line</name>
         <load_address>0xbeb</load_address>
         <run_address>0xbeb</run_address>
         <size>0xea</size>
         <input_file_ref idref="fl-5"/>
      </object_component>
      <object_component id="oc-67f">
         <name>.debug_line</name>
         <load_address>0xcd5</load_address>
         <run_address>0xcd5</run_address>
         <size>0x8d</size>
         <input_file_ref idref="fl-6"/>
      </object_component>
      <object_component id="oc-54c">
         <name>.debug_line</name>
         <load_address>0xd62</load_address>
         <run_address>0xd62</run_address>
         <size>0x7a</size>
         <input_file_ref idref="fl-6"/>
      </object_component>
      <object_component id="oc-553">
         <name>.debug_line</name>
         <load_address>0xddc</load_address>
         <run_address>0xddc</run_address>
         <size>0x86</size>
         <input_file_ref idref="fl-6"/>
      </object_component>
      <object_component id="oc-5d6">
         <name>.debug_line</name>
         <load_address>0xe62</load_address>
         <run_address>0xe62</run_address>
         <size>0x68</size>
         <input_file_ref idref="fl-7"/>
      </object_component>
      <object_component id="oc-515">
         <name>.debug_line</name>
         <load_address>0xeca</load_address>
         <run_address>0xeca</run_address>
         <size>0x2c</size>
         <input_file_ref idref="fl-7"/>
      </object_component>
      <object_component id="oc-51c">
         <name>.debug_line</name>
         <load_address>0xef6</load_address>
         <run_address>0xef6</run_address>
         <size>0x2c</size>
         <input_file_ref idref="fl-7"/>
      </object_component>
      <object_component id="oc-520">
         <name>.debug_line</name>
         <load_address>0xf22</load_address>
         <run_address>0xf22</run_address>
         <size>0x2c</size>
         <input_file_ref idref="fl-7"/>
      </object_component>
      <object_component id="oc-548">
         <name>.debug_line</name>
         <load_address>0xf4e</load_address>
         <run_address>0xf4e</run_address>
         <size>0x46</size>
         <input_file_ref idref="fl-7"/>
      </object_component>
      <object_component id="oc-541">
         <name>.debug_line</name>
         <load_address>0xf94</load_address>
         <run_address>0xf94</run_address>
         <size>0x44</size>
         <input_file_ref idref="fl-7"/>
      </object_component>
      <object_component id="oc-4c0">
         <name>.debug_line</name>
         <load_address>0xfd8</load_address>
         <run_address>0xfd8</run_address>
         <size>0x42</size>
         <input_file_ref idref="fl-7"/>
      </object_component>
      <object_component id="oc-446">
         <name>.debug_line</name>
         <load_address>0x101a</load_address>
         <run_address>0x101a</run_address>
         <size>0x84</size>
         <input_file_ref idref="fl-7"/>
      </object_component>
      <object_component id="oc-61c">
         <name>.debug_line</name>
         <load_address>0x109e</load_address>
         <run_address>0x109e</run_address>
         <size>0x4a</size>
         <input_file_ref idref="fl-7"/>
      </object_component>
      <object_component id="oc-622">
         <name>.debug_line</name>
         <load_address>0x10e8</load_address>
         <run_address>0x10e8</run_address>
         <size>0x4b</size>
         <input_file_ref idref="fl-7"/>
      </object_component>
      <object_component id="oc-429">
         <name>.debug_line</name>
         <load_address>0x1133</load_address>
         <run_address>0x1133</run_address>
         <size>0x20</size>
         <input_file_ref idref="fl-7"/>
      </object_component>
      <object_component id="oc-62f">
         <name>.debug_line</name>
         <load_address>0x1153</load_address>
         <run_address>0x1153</run_address>
         <size>0x4e</size>
         <input_file_ref idref="fl-8"/>
      </object_component>
      <object_component id="oc-635">
         <name>.debug_line</name>
         <load_address>0x11a1</load_address>
         <run_address>0x11a1</run_address>
         <size>0x4a</size>
         <input_file_ref idref="fl-8"/>
      </object_component>
      <object_component id="oc-587">
         <name>.debug_line</name>
         <load_address>0x11eb</load_address>
         <run_address>0x11eb</run_address>
         <size>0x43</size>
         <input_file_ref idref="fl-8"/>
      </object_component>
      <object_component id="oc-581">
         <name>.debug_line</name>
         <load_address>0x122e</load_address>
         <run_address>0x122e</run_address>
         <size>0x49</size>
         <input_file_ref idref="fl-8"/>
      </object_component>
      <object_component id="oc-57b">
         <name>.debug_line</name>
         <load_address>0x1277</load_address>
         <run_address>0x1277</run_address>
         <size>0x4c</size>
         <input_file_ref idref="fl-8"/>
      </object_component>
      <object_component id="oc-675">
         <name>.debug_line</name>
         <load_address>0x12c3</load_address>
         <run_address>0x12c3</run_address>
         <size>0x46</size>
         <input_file_ref idref="fl-8"/>
      </object_component>
      <object_component id="oc-67a">
         <name>.debug_line</name>
         <load_address>0x1309</load_address>
         <run_address>0x1309</run_address>
         <size>0x44</size>
         <input_file_ref idref="fl-8"/>
      </object_component>
      <object_component id="oc-68e">
         <name>.debug_line</name>
         <load_address>0x134d</load_address>
         <run_address>0x134d</run_address>
         <size>0x38</size>
         <input_file_ref idref="fl-9"/>
      </object_component>
      <object_component id="oc-625">
         <name>.debug_line</name>
         <load_address>0x1385</load_address>
         <run_address>0x1385</run_address>
         <size>0x45</size>
         <input_file_ref idref="fl-9"/>
      </object_component>
      <object_component id="oc-579">
         <name>.debug_line</name>
         <load_address>0x13ca</load_address>
         <run_address>0x13ca</run_address>
         <size>0x69</size>
         <input_file_ref idref="fl-9"/>
      </object_component>
      <object_component id="oc-573">
         <name>.debug_line</name>
         <load_address>0x1433</load_address>
         <run_address>0x1433</run_address>
         <size>0x67</size>
         <input_file_ref idref="fl-9"/>
      </object_component>
      <object_component id="oc-6a">
         <name>.debug_line</name>
         <load_address>0x149a</load_address>
         <run_address>0x149a</run_address>
         <size>0x9d</size>
         <input_file_ref idref="fl-2a"/>
      </object_component>
      <object_component id="oc-505">
         <name>.debug_line</name>
         <load_address>0x1537</load_address>
         <run_address>0x1537</run_address>
         <size>0x9a</size>
         <input_file_ref idref="fl-2a"/>
      </object_component>
      <object_component id="oc-4a1">
         <name>.debug_line</name>
         <load_address>0x15d1</load_address>
         <run_address>0x15d1</run_address>
         <size>0x96</size>
         <input_file_ref idref="fl-2a"/>
      </object_component>
      <object_component id="oc-424">
         <name>.debug_line</name>
         <load_address>0x1667</load_address>
         <run_address>0x1667</run_address>
         <size>0x3a</size>
         <input_file_ref idref="fl-2a"/>
      </object_component>
      <object_component id="oc-4a5">
         <name>.debug_line</name>
         <load_address>0x16a1</load_address>
         <run_address>0x16a1</run_address>
         <size>0x3a</size>
         <input_file_ref idref="fl-2b"/>
      </object_component>
      <object_component id="oc-6d">
         <name>.debug_line</name>
         <load_address>0x16db</load_address>
         <run_address>0x16db</run_address>
         <size>0x50</size>
         <input_file_ref idref="fl-2b"/>
      </object_component>
      <object_component id="oc-434">
         <name>.debug_line</name>
         <load_address>0x172b</load_address>
         <run_address>0x172b</run_address>
         <size>0x3a</size>
         <input_file_ref idref="fl-2b"/>
      </object_component>
      <object_component id="oc-43b">
         <name>.debug_line</name>
         <load_address>0x1765</load_address>
         <run_address>0x1765</run_address>
         <size>0x3d</size>
         <input_file_ref idref="fl-2d"/>
      </object_component>
      <object_component id="oc-465">
         <name>.debug_line</name>
         <load_address>0x17a2</load_address>
         <run_address>0x17a2</run_address>
         <size>0x53</size>
         <input_file_ref idref="fl-3f"/>
      </object_component>
      <object_component id="oc-4dd">
         <name>.debug_line</name>
         <load_address>0x17f5</load_address>
         <run_address>0x17f5</run_address>
         <size>0x34</size>
         <input_file_ref idref="fl-3f"/>
      </object_component>
      <object_component id="oc-42f">
         <name>.debug_line</name>
         <load_address>0x1829</load_address>
         <run_address>0x1829</run_address>
         <size>0x52</size>
         <input_file_ref idref="fl-40"/>
      </object_component>
      <object_component id="oc-49d">
         <name>.debug_line</name>
         <load_address>0x187b</load_address>
         <run_address>0x187b</run_address>
         <size>0x2a</size>
         <input_file_ref idref="fl-46"/>
      </object_component>
      <object_component id="oc-48e">
         <name>.debug_line</name>
         <load_address>0x18a5</load_address>
         <run_address>0x18a5</run_address>
         <size>0x4b</size>
         <input_file_ref idref="fl-46"/>
      </object_component>
      <object_component id="oc-4fa">
         <name>.debug_line</name>
         <load_address>0x18f0</load_address>
         <run_address>0x18f0</run_address>
         <size>0x49</size>
         <input_file_ref idref="fl-47"/>
      </object_component>
      <object_component id="oc-5cf">
         <name>.debug_line</name>
         <load_address>0x1939</load_address>
         <run_address>0x1939</run_address>
         <size>0x71</size>
         <input_file_ref idref="fl-47"/>
      </object_component>
      <object_component id="oc-6aa">
         <name>.debug_line</name>
         <load_address>0x19aa</load_address>
         <run_address>0x19aa</run_address>
         <size>0xbf</size>
         <input_file_ref idref="fl-49"/>
      </object_component>
      <object_component id="oc-5b3">
         <name>.debug_line</name>
         <load_address>0x1a69</load_address>
         <run_address>0x1a69</run_address>
         <size>0x84</size>
         <input_file_ref idref="fl-49"/>
      </object_component>
      <object_component id="oc-6ae">
         <name>.debug_line</name>
         <load_address>0x1aed</load_address>
         <run_address>0x1aed</run_address>
         <size>0x2e</size>
         <input_file_ref idref="fl-49"/>
      </object_component>
      <object_component id="oc-6c5">
         <name>.debug_line</name>
         <load_address>0x1b1b</load_address>
         <run_address>0x1b1b</run_address>
         <size>0x9a</size>
         <input_file_ref idref="fl-49"/>
      </object_component>
      <object_component id="oc-661">
         <name>.debug_line</name>
         <load_address>0x1bb5</load_address>
         <run_address>0x1bb5</run_address>
         <size>0x97</size>
         <input_file_ref idref="fl-49"/>
      </object_component>
      <object_component id="oc-6b3">
         <name>.debug_line</name>
         <load_address>0x1c4c</load_address>
         <run_address>0x1c4c</run_address>
         <size>0x93</size>
         <input_file_ref idref="fl-49"/>
      </object_component>
      <object_component id="oc-650">
         <name>.debug_line</name>
         <load_address>0x1cdf</load_address>
         <run_address>0x1cdf</run_address>
         <size>0x3a</size>
         <input_file_ref idref="fl-4a"/>
      </object_component>
      <object_component id="oc-4e4">
         <name>.debug_line</name>
         <load_address>0x1d19</load_address>
         <run_address>0x1d19</run_address>
         <size>0x3e</size>
         <input_file_ref idref="fl-4b"/>
      </object_component>
      <object_component id="oc-687">
         <name>.debug_line</name>
         <load_address>0x1d57</load_address>
         <run_address>0x1d57</run_address>
         <size>0x92</size>
         <input_file_ref idref="fl-4c"/>
      </object_component>
      <object_component id="oc-58e">
         <name>.debug_line</name>
         <load_address>0x1de9</load_address>
         <run_address>0x1de9</run_address>
         <size>0x3d</size>
         <input_file_ref idref="fl-4e"/>
      </object_component>
      <object_component id="oc-6ca">
         <name>.debug_line</name>
         <load_address>0x1e26</load_address>
         <run_address>0x1e26</run_address>
         <size>0x20</size>
         <input_file_ref idref="fl-52"/>
      </object_component>
      <object_component id="oc-601">
         <name>.debug_line</name>
         <load_address>0x1e46</load_address>
         <run_address>0x1e46</run_address>
         <size>0xae</size>
         <input_file_ref idref="fl-52"/>
      </object_component>
      <object_component id="oc-60f">
         <name>.debug_frame</name>
         <load_address>0x0</load_address>
         <run_address>0x0</run_address>
         <size>0x40</size>
         <input_file_ref idref="fl-2"/>
      </object_component>
      <object_component id="oc-56d">
         <name>.debug_frame</name>
         <load_address>0x40</load_address>
         <run_address>0x40</run_address>
         <size>0x4c</size>
         <input_file_ref idref="fl-2"/>
      </object_component>
      <object_component id="oc-60b">
         <name>.debug_frame</name>
         <load_address>0x8c</load_address>
         <run_address>0x8c</run_address>
         <size>0x3c</size>
         <input_file_ref idref="fl-2"/>
      </object_component>
      <object_component id="oc-564">
         <name>.debug_frame</name>
         <load_address>0xc8</load_address>
         <run_address>0xc8</run_address>
         <size>0x4c</size>
         <input_file_ref idref="fl-2"/>
      </object_component>
      <object_component id="oc-4d1">
         <name>.debug_frame</name>
         <load_address>0x114</load_address>
         <run_address>0x114</run_address>
         <size>0x3c</size>
         <input_file_ref idref="fl-3"/>
      </object_component>
      <object_component id="oc-4cc">
         <name>.debug_frame</name>
[...]
         <value>0x5cf</value>
      </symbol>
      <symbol id="sm-371">
         <name>UCB1I2COA0</name>
         <value>0x5d4</value>
      </symbol>
      <symbol id="sm-372">
         <name>UCB1I2COA0_L</name>
         <value>0x5d4</value>
      </symbol>
      <symbol id="sm-373">
         <name>UCB1I2COA0_H</name>
         <value>0x5d5</value>
      </symbol>
      <symbol id="sm-374">
         <name>UCB1I2COA1</name>
         <value>0x5d6</value>
      </symbol>
      <symbol id="sm-375">
         <name>UCB1I2COA1_L</name>
         <value>0x5d6</value>
      </symbol>
      <symbol id="sm-376">
         <name>UCB1I2COA1_H</name>
         <value>0x5d7</value>
      </symbol>
      <symbol id="sm-377">
         <name>UCB1I2COA2</name>
         <value>0x5d8</value>
      </symbol>
      <symbol id="sm-378">
         <name>UCB1I2COA2_L</name>
         <value>0x5d8</value>
      </symbol>
      <symbol id="sm-379">
         <name>UCB1I2COA2_H</name>
         <value>0x5d9</value>
      </symbol>
      <symbol id="sm-37a">
         <name>UCB1I2COA3</name>
         <value>0x5da</value>
      </symbol>
      <symbol id="sm-37b">
         <name>UCB1I2COA3_L</name>
         <value>0x5da</value>
      </symbol>
      <symbol id="sm-37c">
         <name>UCB1I2COA3_H</name>
         <value>0x5db</value>
      </symbol>
      <symbol id="sm-37d">
         <name>UCB1ADDRX</name>
         <value>0x5dc</value>
      </symbol>
      <symbol id="sm-37e">
         <name>UCB1ADDRX_L</name>
         <value>0x5dc</value>
      </symbol>
      <symbol id="sm-37f">
         <name>UCB1ADDRX_H</name>
         <value>0x5dd</value>
      </symbol>
      <symbol id="sm-380">
         <name>UCB1ADDMASK</name>
         <value>0x5de</value>
      </symbol>
      <symbol id="sm-381">
         <name>UCB1ADDMASK_L</name>
         <value>0x5de</value>
      </symbol>
      <symbol id="sm-382">
         <name>UCB1ADDMASK_H</name>
         <value>0x5df</value>
      </symbol>
      <symbol id="sm-383">
         <name>UCB1I2CSA</name>
         <value>0x5e0</value>
      </symbol>
      <symbol id="sm-384">
         <name>UCB1I2CSA_L</name>
         <value>0x5e0</value>
      </symbol>
      <symbol id="sm-385">
         <name>UCB1I2CSA_H</name>
         <value>0x5e1</value>
      </symbol>
      <symbol id="sm-386">
         <name>UCB1IE</name>
         <value>0x5ea</value>
      </symbol>
      <symbol id="sm-387">
         <name>UCB1IE_L</name>
         <value>0x5ea</value>
      </symbol>
      <symbol id="sm-388">
         <name>UCB1IE_H</name>
         <value>0x5eb</value>
      </symbol>
      <symbol id="sm-389">
         <name>UCB1IFG</name>
         <value>0x5ec</value>
      </symbol>
      <symbol id="sm-38a">
         <name>UCB1IFG_L</name>
         <value>0x5ec</value>
      </symbol>
      <symbol id="sm-38b">
         <name>UCB1IFG_H</name>
         <value>0x5ed</value>
      </symbol>
      <symbol id="sm-38c">
         <name>UCB1IV</name>
         <value>0x5ee</value>
      </symbol>
      <symbol id="sm-38d">
         <name>UCB1IV_L</name>
         <value>0x5ee</value>
      </symbol>
      <symbol id="sm-38e">
         <name>UCB1IV_H</name>
         <value>0x5ef</value>
      </symbol>
      <symbol id="sm-38f">
         <name>fram_rw_start</name>
         <value>0x8000</value>
      </symbol>
      <symbol id="sm-390">
         <name>fram_rx_start</name>
         <value>0x8000</value>
      </symbol>
      <symbol id="sm-391">
         <name>__TI_CINIT_Base</name>
         <value>0x801a</value>
      </symbol>
      <symbol id="sm-392">
         <name>__TI_CINIT_Limit</name>
         <value>0x802a</value>
      </symbol>
      <symbol id="sm-393">
         <name>__TI_CINIT_Warm</name>
         <value>0x802a</value>
      </symbol>
      <symbol id="sm-394">
         <name>__TI_Handler_Table_Base</name>
         <value>0x8000</value>
      </symbol>
      <symbol id="sm-395">
         <name>__TI_Handler_Table_Limit</name>
         <value>0x800c</value>
      </symbol>
      <symbol id="sm-396">
         <name>__STACK_SIZE</name>
         <value>0xa0</value>
      </symbol>
      <symbol id="sm-397">
         <name>__STACK_END</name>
         <value>0x3000</value>
      </symbol>
      <symbol id="sm-398">
         <name>__c_args__</name>
         <value>0xffffffff</value>
      </symbol>
      <symbol id="sm-399">
         <name>__TI_pprof_out_hndl</name>
         <value>0xffffffff</value>
      </symbol>
      <symbol id="sm-39a">
         <name>__TI_prof_data_start</name>
         <value>0xffffffff</value>
      </symbol>
      <symbol id="sm-39b">
         <name>__TI_prof_data_size</name>
         <value>0xffffffff</value>
      </symbol>
      <symbol id="sm-442">
         <name>CO2_buf</name>
         <value>0x209e</value>
      </symbol>
      <symbol id="sm-443">
         <name>read_data_ready_co2</name>
         <value>0x8df8</value>
         <object_component_ref idref="oc-60d"/>
      </symbol>
      <symbol id="sm-444">
         <name>read_data_co2</name>
         <value>0x8b2e</value>
         <object_component_ref idref="oc-568"/>
      </symbol>
      <symbol id="sm-445">
         <name>init_co2</name>
         <value>0x8d6c</value>
         <object_component_ref idref="oc-562"/>
      </symbol>
      <symbol id="sm-4b9">
         <name>TransmitIndex</name>
         <value>0x2057</value>
         <object_component_ref idref="oc-4a7"/>
      </symbol>
      <symbol id="sm-4ba">
         <name>I2C_Master_ReadReg</name>
         <value>0x8f5e</value>
         <object_component_ref idref="oc-5e0"/>
      </symbol>
      <symbol id="sm-4bb">
         <name>initGPIO_I2C</name>
         <value>0x9124</value>
         <object_component_ref idref="oc-4c7"/>
      </symbol>
      <symbol id="sm-4bc">
         <name>initClockTo1MHz</name>
         <value>0x9270</value>
         <object_component_ref idref="oc-535"/>
      </symbol>
      <symbol id="sm-4bd">
         <name>ReceiveBuffer</name>
         <value>0x2000</value>
         <object_component_ref idref="oc-4ad"/>
      </symbol>
      <symbol id="sm-4be">
         <name>Software_Trim</name>
         <value>0x8bfe</value>
         <object_component_ref idref="oc-5d7"/>
      </symbol>
      <symbol id="sm-4bf">
         <name>__TI_int31</name>
         <value>0xffe0</value>
         <object_component_ref idref="oc-7b"/>
      </symbol>
      <symbol id="sm-4c0">
         <name>TransmitRegAddr_MSB</name>
         <value>0x2052</value>
         <object_component_ref idref="oc-4a7"/>
      </symbol>
      <symbol id="sm-4c1">
         <name>MasterMode</name>
         <value>0x2050</value>
         <object_component_ref idref="oc-4a7"/>
      </symbol>
      <symbol id="sm-4c2">
         <name>CopyArray</name>
         <value>0x92ec</value>
         <object_component_ref idref="oc-5e6"/>
      </symbol>
      <symbol id="sm-4c3">
         <name>USCI_B0_ISR</name>
         <value>0x93b6</value>
         <object_component_ref idref="oc-43c"/>
      </symbol>
      <symbol id="sm-4c4">
         <name>TransmitBuffer</name>
         <value>0x203c</value>
         <object_component_ref idref="oc-4aa"/>
      </symbol>
      <symbol id="sm-4c5">
         <name>TXByteCtr</name>
         <value>0x2056</value>
         <object_component_ref idref="oc-4a7"/>
      </symbol>
      <symbol id="sm-4c6">
         <name>I2C_Master_WriteReg</name>
         <value>0x8e80</value>
         <object_component_ref idref="oc-5ef"/>
      </symbol>
      <symbol id="sm-4c7">
         <name>ReceiveIndex</name>
         <value>0x2055</value>
         <object_component_ref idref="oc-4a7"/>
      </symbol>
      <symbol id="sm-4c8">
         <name>initI2C</name>
         <value>0x9322</value>
         <object_component_ref idref="oc-4cd"/>
      </symbol>
      <symbol id="sm-4c9">
         <name>I2C_Master_ReadIntoBuffer</name>
         <value>0x8fbc</value>
         <object_component_ref idref="oc-5f5"/>
      </symbol>
      <symbol id="sm-4ca">
         <name>TransmitRegAddr_LSB</name>
         <value>0x2053</value>
         <object_component_ref idref="oc-4a7"/>
      </symbol>
      <symbol id="sm-4cb">
         <name>RXByteCtr</name>
         <value>0x2054</value>
         <object_component_ref idref="oc-4a7"/>
      </symbol>
      <symbol id="sm-50d">
         <name>wireless_buf</name>
         <value>0x2060</value>
      </symbol>
      <symbol id="sm-50e">
         <name>seesaw_buf</name>
         <value>0x2084</value>
      </symbol>
      <symbol id="sm-50f">
         <name>i2c_succeed</name>
         <value>0x20b0</value>
      </symbol>
      <symbol id="sm-510">
         <name>pulses</name>
         <value>0x20b1</value>
      </symbol>
      <symbol id="sm-511">
         <name>__TI_int35</name>
         <value>0xffe8</value>
         <object_component_ref idref="oc-7f"/>
      </symbol>
      <symbol id="sm-512">
         <name>__TI_int42</name>
         <value>0xfff6</value>
         <object_component_ref idref="oc-86"/>
      </symbol>
      <symbol id="sm-513">
         <name>__TI_int43</name>
         <value>0xfff8</value>
         <object_component_ref idref="oc-87"/>
      </symbol>
      <symbol id="sm-514">
         <name>__TI_int41</name>
         <value>0xfff4</value>
         <object_component_ref idref="oc-85"/>
      </symbol>
      <symbol id="sm-515">
         <name>main</name>
         <value>0x85da</value>
         <object_component_ref idref="oc-4e6"/>
      </symbol>
      <symbol id="sm-516">
         <name>Timer1_B0_ISR</name>
         <value>0x95f0</value>
         <object_component_ref idref="oc-44e"/>
      </symbol>
      <symbol id="sm-517">
         <name>ISR_TB0_CCR1</name>
         <value>0x9622</value>
         <object_component_ref idref="oc-454"/>
      </symbol>
      <symbol id="sm-518">
         <name>ISR_TB0_CCR0</name>
         <value>0x95ac</value>
         <object_component_ref idref="oc-45a"/>
      </symbol>
      <symbol id="sm-519">
         <name>RTC_ISR</name>
         <value>0x960e</value>
         <object_component_ref idref="oc-448"/>
      </symbol>
      <symbol id="sm-55b">
         <name>read_pressure</name>
         <value>0x83f2</value>
         <object_component_ref idref="oc-55c"/>
      </symbol>
      <symbol id="sm-55c">
         <name>init_pressure</name>
         <value>0x802a</value>
         <object_component_ref idref="oc-556"/>
      </symbol>
      <symbol id="sm-581">
         <name>read_temp_seesaw</name>
         <value>0x8cbc</value>
         <object_component_ref idref="oc-54a"/>
      </symbol>
      <symbol id="sm-582">
         <name>read_cap_seesaw</name>
         <value>0x8a56</value>
         <object_component_ref idref="oc-550"/>
      </symbol>
      <symbol id="sm-5d2">
         <name>SPI_RXByteCtr</name>
         <value>0x205b</value>
         <object_component_ref idref="oc-4b6"/>
      </symbol>
      <symbol id="sm-5d3">
         <name>SPI_MasterMode</name>
         <value>0x2058</value>
         <object_component_ref idref="oc-4b6"/>
      </symbol>
      <symbol id="sm-5d4">
         <name>__TI_int33</name>
         <value>0xffe4</value>
         <object_component_ref idref="oc-7d"/>
      </symbol>
      <symbol id="sm-5d5">
         <name>SPI_TXByteCtr</name>
         <value>0x205d</value>
         <object_component_ref idref="oc-4b6"/>
      </symbol>
      <symbol id="sm-5d6">
         <name>USCI_A0_ISR</name>
         <value>0x94ca</value>
         <object_component_ref idref="oc-442"/>
      </symbol>
      <symbol id="sm-5d7">
         <name>initSPI</name>
         <value>0x9308</value>
         <object_component_ref idref="oc-543"/>
      </symbol>
      <symbol id="sm-5d8">
         <name>SPI_ReceiveIndex</name>
         <value>0x205c</value>
         <object_component_ref idref="oc-4b6"/>
      </symbol>
      <symbol id="sm-5d9">
         <name>SendUCA0Data</name>
         <value>0x9396</value>
         <object_component_ref idref="oc-4bc"/>
      </symbol>
      <symbol id="sm-5da">
         <name>SPI_TransmitBuffer</name>
         <value>0x2028</value>
         <object_component_ref idref="oc-4c2"/>
      </symbol>
      <symbol id="sm-5db">
         <name>SPI_Master_WriteReg</name>
         <value>0x9018</value>
         <object_component_ref idref="oc-617"/>
      </symbol>
      <symbol id="sm-5dc">
         <name>SPI_Master_ReadReg</name>
         <value>0x91da</value>
         <object_component_ref idref="oc-61d"/>
      </symbol>
      <symbol id="sm-5dd">
         <name>SPI_TransmitIndex</name>
         <value>0x205e</value>
         <object_component_ref idref="oc-4b6"/>
      </symbol>
      <symbol id="sm-5de">
         <name>initGPIO_SPI</name>
         <value>0x9386</value>
         <object_component_ref idref="oc-53d"/>
      </symbol>
      <symbol id="sm-5df">
         <name>SPI_ReceiveBuffer</name>
         <value>0x2014</value>
         <object_component_ref idref="oc-4b9"/>
      </symbol>
      <symbol id="sm-5e0">
         <name>SPI_TransmitRegAddr</name>
         <value>0x205a</value>
         <object_component_ref idref="oc-4b6"/>
      </symbol>
      <symbol id="sm-614">
         <name>cancel_i2c_timeout</name>
         <value>0x93aa</value>
         <object_component_ref idref="oc-676"/>
      </symbol>
      <symbol id="sm-615">
         <name>init_timer_B_open</name>
         <value>0x923e</value>
         <object_component_ref idref="oc-580"/>
      </symbol>
      <symbol id="sm-616">
         <name>sleep_pins</name>
         <value>0x9064</value>
         <object_component_ref idref="oc-62d"/>
      </symbol>
      <symbol id="sm-617">
         <name>init_timer_B_close</name>
         <value>0x920c</value>
         <object_component_ref idref="oc-57a"/>
      </symbol>
      <symbol id="sm-618">
         <name>init_timer</name>
         <value>0x92c8</value>
         <object_component_ref idref="oc-633"/>
      </symbol>
      <symbol id="sm-619">
         <name>sleep_10_min</name>
         <value>0x9374</value>
         <object_component_ref idref="oc-586"/>
      </symbol>
      <symbol id="sm-61a">
         <name>i2c_timeout</name>
         <value>0x9338</value>
         <object_component_ref idref="oc-670"/>
      </symbol>
      <symbol id="sm-63d">
         <name>setModeIdle</name>
         <value>0x9360</value>
         <object_component_ref idref="oc-623"/>
      </symbol>
      <symbol id="sm-63e">
         <name>init_wireless</name>
         <value>0x8782</value>
         <object_component_ref idref="oc-56e"/>
      </symbol>
      <symbol id="sm-63f">
         <name>wireless_send</name>
         <value>0x897c</value>
         <object_component_ref idref="oc-574"/>
      </symbol>
      <symbol id="sm-660">
         <name>__TI_decompress_lzss</name>
         <value>0x888e</value>
         <object_component_ref idref="oc-66"/>
      </symbol>
      <symbol id="sm-671">
         <name>__TI_decompress_none</name>
         <value>0x919e</value>
         <object_component_ref idref="oc-6c"/>
      </symbol>
      <symbol id="sm-674">
         <name>__TI_int22</name>
         <value>0xffce</value>
         <object_component_ref idref="oc-72"/>
      </symbol>
      <symbol id="sm-67c">
         <name>__TI_ISR_TRAP</name>
         <value>0x962c</value>
         <object_component_ref idref="oc-437"/>
      </symbol>
      <symbol id="sm-67f">
         <name>__TI_int23</name>
         <value>0xffd0</value>
         <object_component_ref idref="oc-73"/>
      </symbol>
      <symbol id="sm-682">
         <name>__TI_int24</name>
         <value>0xffd2</value>
         <object_component_ref idref="oc-74"/>
      </symbol>
      <symbol id="sm-685">
         <name>__TI_int25</name>
         <value>0xffd4</value>
         <object_component_ref idref="oc-75"/>
      </symbol>
      <symbol id="sm-688">
         <name>__TI_int26</name>
         <value>0xffd6</value>
         <object_component_ref idref="oc-76"/>
      </symbol>
      <symbol id="sm-68b">
         <name>__TI_int27</name>
         <value>0xffd8</value>
         <object_component_ref idref="oc-77"/>
      </symbol>
      <symbol id="sm-68e">
         <name>__TI_int28</name>
         <value>0xffda</value>
         <object_component_ref idref="oc-78"/>
      </symbol>
      <symbol id="sm-691">
         <name>__TI_int29</name>
         <value>0xffdc</value>
         <object_component_ref idref="oc-79"/>
      </symbol>
      <symbol id="sm-694">
         <name>__TI_int30</name>
         <value>0xffde</value>
         <object_component_ref idref="oc-7a"/>
      </symbol>
      <symbol id="sm-697">
         <name>__TI_int32</name>
         <value>0xffe2</value>
         <object_component_ref idref="oc-7c"/>
      </symbol>
      <symbol id="sm-69a">
         <name>__TI_int34</name>
         <value>0xffe6</value>
         <object_component_ref idref="oc-7e"/>
      </symbol>
      <symbol id="sm-69d">
         <name>__TI_int36</name>
         <value>0xffea</value>
         <object_component_ref idref="oc-80"/>
      </symbol>
      <symbol id="sm-6a0">
         <name>__TI_int37</name>
         <value>0xffec</value>
         <object_component_ref idref="oc-81"/>
      </symbol>
      <symbol id="sm-6a3">
         <name>__TI_int38</name>
         <value>0xffee</value>
         <object_component_ref idref="oc-82"/>
      </symbol>
      <symbol id="sm-6a6">
         <name>__TI_int39</name>
         <value>0xfff0</value>
         <object_component_ref idref="oc-83"/>
      </symbol>
      <symbol id="sm-6a9">
         <name>__TI_int40</name>
         <value>0xfff2</value>
         <object_component_ref idref="oc-84"/>
      </symbol>
      <symbol id="sm-6ac">
         <name>__TI_int44</name>
         <value>0xfffa</value>
         <object_component_ref idref="oc-88"/>
      </symbol>
      <symbol id="sm-6af">
         <name>__TI_int45</name>
         <value>0xfffc</value>
         <object_component_ref idref="oc-89"/>
      </symbol>
      <symbol id="sm-6bf">
         <name>__TI_zero_init_nomemset</name>
         <value>0x90e6</value>
         <object_component_ref idref="oc-460"/>
      </symbol>
      <symbol id="sm-6ca">
         <name>__memcpy_far</name>
         <value>0x90a6</value>
         <object_component_ref idref="oc-42b"/>
      </symbol>
      <symbol id="sm-6df">
         <name>_c_int00_noargs_mpu</name>
         <value>0x95d0</value>
         <object_component_ref idref="oc-48a"/>
      </symbol>
      <symbol id="sm-6e0">
         <name>_stack</name>
         <value>0x2f60</value>
         <object_component_ref idref="oc-41c"/>
      </symbol>
      <symbol id="sm-6e1">
         <name>_reset_vector</name>
         <value>0xfffe</value>
         <object_component_ref idref="oc-41f"/>
      </symbol>
      <symbol id="sm-6ef">
         <name>__mpu_init</name>
         <value>0x9162</value>
         <object_component_ref idref="oc-4f8"/>
      </symbol>
      <symbol id="sm-712">
         <name>__TI_auto_init_nobinit_nopinit_hold_wdt</name>
         <value>0x8ef4</value>
         <object_component_ref idref="oc-5b1"/>
      </symbol>
      <symbol id="sm-71b">
         <name>_system_post_cinit</name>
         <value>0x93b4</value>
         <object_component_ref idref="oc-64c"/>
      </symbol>
      <symbol id="sm-724">
         <name>_system_pre_init</name>
         <value>0x93b0</value>
         <object_component_ref idref="oc-4e0"/>
      </symbol>
      <symbol id="sm-735">
         <name>C$$EXIT</name>
         <value>0x93a4</value>
         <object_component_ref idref="oc-58d"/>
      </symbol>
      <symbol id="sm-736">
         <name>abort</name>
         <value>0x93a4</value>
         <object_component_ref idref="oc-58d"/>
      </symbol>
      <symbol id="sm-747">
         <name>memset</name>
         <value>0x934c</value>
         <object_component_ref idref="oc-5fc"/>
      </symbol>
   </symbol_table>
   <title>Link successful</title>
</link_info>
